[2026-05-26 14:10:33 +0000] [4828] [INFO] Starting gunicorn 26.0.0
[2026-05-26 14:10:33 +0000] [4828] [INFO] Listening at: http://0.0.0.0:5000 (4828)
[2026-05-26 14:10:33 +0000] [4828] [INFO] Using worker: gthread
[2026-05-26 14:10:33 +0000] [4868] [INFO] Booting worker with pid: 4868
[2026-05-26 14:10:33 +0000] [4868] [WARNING] Reloader is on. Use in development only!
[2026-05-26 14:10:33 +0000] [4869] [INFO] Booting worker with pid: 4869
[2026-05-26 14:10:33 +0000] [4869] [WARNING] Reloader is on. Use in development only!
[2026-05-26 14:10:33 +0000] [4870] [INFO] Booting worker with pid: 4870
[2026-05-26 14:10:33 +0000] [4870] [WARNING] Reloader is on. Use in development only!
[2026-05-26 14:10:33 +0000] [4873] [INFO] Booting worker with pid: 4873
[2026-05-26 14:10:33 +0000] [4873] [WARNING] Reloader is on. Use in development only!
[2026-05-26 14:10:33 +0000] [4874] [INFO] Booting worker with pid: 4874
[2026-05-26 14:10:33 +0000] [4874] [WARNING] Reloader is on. Use in development only!
[2026-05-26 14:10:33 +0000] [4875] [INFO] Booting worker with pid: 4875
[2026-05-26 14:10:33 +0000] [4875] [WARNING] Reloader is on. Use in development only!
[2026-05-26 14:10:33 +0000] [4878] [INFO] Booting worker with pid: 4878
[2026-05-26 14:10:33 +0000] [4878] [WARNING] Reloader is on. Use in development only!
[2026-05-26 14:10:33 +0000] [4882] [INFO] Booting worker with pid: 4882
[2026-05-26 14:10:33 +0000] [4882] [WARNING] Reloader is on. Use in development only!
[2026-05-26 14:10:33 +0000] [4884] [INFO] Booting worker with pid: 4884
[2026-05-26 14:10:33 +0000] [4884] [WARNING] Reloader is on. Use in development only!
[2026-05-26 14:10:33 +0000] [4885] [INFO] Booting worker with pid: 4885
[2026-05-26 14:10:33 +0000] [4885] [WARNING] Reloader is on. Use in development only!
[2026-05-26 14:10:33 +0000] [4889] [INFO] Booting worker with pid: 4889
[2026-05-26 14:10:33 +0000] [4889] [WARNING] Reloader is on. Use in development only!
[2026-05-26 14:10:33 +0000] [4891] [INFO] Booting worker with pid: 4891
[2026-05-26 14:10:33 +0000] [4891] [WARNING] Reloader is on. Use in development only!
[2026-05-26 14:10:33 +0000] [4893] [INFO] Booting worker with pid: 4893
[2026-05-26 14:10:33 +0000] [4893] [WARNING] Reloader is on. Use in development only!
[2026-05-26 14:10:33 +0000] [4894] [INFO] Booting worker with pid: 4894
[2026-05-26 14:10:33 +0000] [4894] [WARNING] Reloader is on. Use in development only!
[2026-05-26 14:10:33 +0000] [4896] [INFO] Booting worker with pid: 4896
[2026-05-26 14:10:33 +0000] [4896] [WARNING] Reloader is on. Use in development only!
[2026-05-26 14:10:34 +0000] [4899] [INFO] Booting worker with pid: 4899
[2026-05-26 14:10:34 +0000] [4899] [WARNING] Reloader is on. Use in development only!
[2026-05-26 14:10:34 +0000] [4902] [INFO] Booting worker with pid: 4902
[2026-05-26 14:10:34 +0000] [4902] [WARNING] Reloader is on. Use in development only!
[2026-05-26 14:10:34 +0000] [4904] [INFO] Booting worker with pid: 4904
[2026-05-26 14:10:34 +0000] [4904] [WARNING] Reloader is on. Use in development only!
[2026-05-26 14:10:34 +0000] [4906] [INFO] Booting worker with pid: 4906
[2026-05-26 14:10:34 +0000] [4906] [WARNING] Reloader is on. Use in development only!
[2026-05-26 14:10:34 +0000] [4908] [INFO] Booting worker with pid: 4908
[2026-05-26 14:10:34 +0000] [4908] [WARNING] Reloader is on. Use in development only!
[2026-05-26 14:10:34 +0000] [4911] [INFO] Booting worker with pid: 4911
[2026-05-26 14:10:34 +0000] [4911] [WARNING] Reloader is on. Use in development only!
[2026-05-26 14:10:34 +0000] [4913] [INFO] Booting worker with pid: 4913
[2026-05-26 14:10:34 +0000] [4913] [WARNING] Reloader is on. Use in development only!
[2026-05-26 14:10:34 +0000] [4916] [INFO] Booting worker with pid: 4916
[2026-05-26 14:10:34 +0000] [4916] [WARNING] Reloader is on. Use in development only!
[2026-05-26 14:10:34 +0000] [4917] [INFO] Booting worker with pid: 4917
[2026-05-26 14:10:34 +0000] [4917] [WARNING] Reloader is on. Use in development only!
[2026-05-26 14:10:34 +0000] [4919] [INFO] Booting worker with pid: 4919
[2026-05-26 14:10:34 +0000] [4919] [WARNING] Reloader is on. Use in development only!
[2026-05-26 14:10:34 +0000] [4921] [INFO] Booting worker with pid: 4921
[2026-05-26 14:10:34 +0000] [4921] [WARNING] Reloader is on. Use in development only!
[2026-05-26 14:10:34 +0000] [4922] [INFO] Booting worker with pid: 4922
[2026-05-26 14:10:34 +0000] [4922] [WARNING] Reloader is on. Use in development only!
[2026-05-26 14:10:34 +0000] [4925] [INFO] Booting worker with pid: 4925
[2026-05-26 14:10:34 +0000] [4925] [WARNING] Reloader is on. Use in development only!
[2026-05-26 14:10:34 +0000] [4926] [INFO] Booting worker with pid: 4926
[2026-05-26 14:10:34 +0000] [4926] [WARNING] Reloader is on. Use in development only!
[2026-05-26 14:10:34 +0000] [4929] [INFO] Booting worker with pid: 4929
[2026-05-26 14:10:34 +0000] [4929] [WARNING] Reloader is on. Use in development only!
[2026-05-26 14:10:34 +0000] [4933] [INFO] Booting worker with pid: 4933
[2026-05-26 14:10:34 +0000] [4933] [WARNING] Reloader is on. Use in development only!
[2026-05-26 14:10:35 +0000] [4934] [INFO] Booting worker with pid: 4934
[2026-05-26 14:10:35 +0000] [4934] [WARNING] Reloader is on. Use in development only!
[2026-05-26 14:10:35 +0000] [4936] [INFO] Booting worker with pid: 4936
[2026-05-26 14:10:35 +0000] [4936] [WARNING] Reloader is on. Use in development only!
[2026-05-26 14:10:35 +0000] [4937] [INFO] Booting worker with pid: 4937
[2026-05-26 14:10:35 +0000] [4937] [WARNING] Reloader is on. Use in development only!
[2026-05-26 14:10:35 +0000] [4940] [INFO] Booting worker with pid: 4940
[2026-05-26 14:10:35 +0000] [4940] [WARNING] Reloader is on. Use in development only!
[2026-05-26 14:10:35 +0000] [4941] [INFO] Booting worker with pid: 4941
[2026-05-26 14:10:35 +0000] [4941] [WARNING] Reloader is on. Use in development only!
[2026-05-26 14:10:35 +0000] [4944] [INFO] Booting worker with pid: 4944
[2026-05-26 14:10:35 +0000] [4944] [WARNING] Reloader is on. Use in development only!
[2026-05-26 14:10:35 +0000] [4945] [INFO] Booting worker with pid: 4945
[2026-05-26 14:10:35 +0000] [4945] [WARNING] Reloader is on. Use in development only!
[2026-05-26 14:10:35 +0000] [4947] [INFO] Booting worker with pid: 4947
[2026-05-26 14:10:35 +0000] [4947] [WARNING] Reloader is on. Use in development only!
[2026-05-26 14:10:35 +0000] [4952] [INFO] Booting worker with pid: 4952
[2026-05-26 14:10:35 +0000] [4952] [WARNING] Reloader is on. Use in development only!
[2026-05-26 14:10:35 +0000] [4954] [INFO] Booting worker with pid: 4954
[2026-05-26 14:10:35 +0000] [4954] [WARNING] Reloader is on. Use in development only!
[2026-05-26 14:10:35 +0000] [4955] [INFO] Booting worker with pid: 4955
[2026-05-26 14:10:35 +0000] [4955] [WARNING] Reloader is on. Use in development only!
[2026-05-26 14:10:35 +0000] [4958] [INFO] Booting worker with pid: 4958
[2026-05-26 14:10:35 +0000] [4958] [WARNING] Reloader is on. Use in development only!
[2026-05-26 14:10:35 +0000] [4961] [INFO] Booting worker with pid: 4961
[2026-05-26 14:10:35 +0000] [4961] [WARNING] Reloader is on. Use in development only!
[2026-05-26 14:10:35 +0000] [4963] [INFO] Booting worker with pid: 4963
[2026-05-26 14:10:35 +0000] [4963] [WARNING] Reloader is on. Use in development only!
[2026-05-26 14:10:35 +0000] [4964] [INFO] Booting worker with pid: 4964
[2026-05-26 14:10:35 +0000] [4964] [WARNING] Reloader is on. Use in development only!
[2026-05-26 14:10:35 +0000] [4966] [INFO] Booting worker with pid: 4966
[2026-05-26 14:10:35 +0000] [4966] [WARNING] Reloader is on. Use in development only!
[2026-05-26 14:10:35 +0000] [4970] [INFO] Booting worker with pid: 4970
[2026-05-26 14:10:35 +0000] [4970] [WARNING] Reloader is on. Use in development only!
[2026-05-26 14:10:35 +0000] [4972] [INFO] Booting worker with pid: 4972
[2026-05-26 14:10:35 +0000] [4972] [WARNING] Reloader is on. Use in development only!
[2026-05-26 14:10:35 +0000] [4973] [INFO] Booting worker with pid: 4973
[2026-05-26 14:10:35 +0000] [4973] [WARNING] Reloader is on. Use in development only!
[2026-05-26 14:10:36 +0000] [4985] [INFO] Booting worker with pid: 4985
[2026-05-26 14:10:36 +0000] [4985] [WARNING] Reloader is on. Use in development only!
[2026-05-26 14:10:36 +0000] [4991] [INFO] Booting worker with pid: 4991
[2026-05-26 14:10:36 +0000] [4991] [WARNING] Reloader is on. Use in development only!
[2026-05-26 14:10:36 +0000] [5023] [INFO] Booting worker with pid: 5023
[2026-05-26 14:10:36 +0000] [5023] [WARNING] Reloader is on. Use in development only!
[2026-05-26 14:10:36 +0000] [5026] [INFO] Booting worker with pid: 5026
[2026-05-26 14:10:36 +0000] [5026] [WARNING] Reloader is on. Use in development only!
[2026-05-26 14:10:36 +0000] [5027] [INFO] Booting worker with pid: 5027
[2026-05-26 14:10:36 +0000] [5027] [WARNING] Reloader is on. Use in development only!
[2026-05-26 14:10:36 +0000] [5029] [INFO] Booting worker with pid: 5029
[2026-05-26 14:10:36 +0000] [5029] [WARNING] Reloader is on. Use in development only!
[2026-05-26 14:10:36 +0000] [5030] [INFO] Booting worker with pid: 5030
[2026-05-26 14:10:36 +0000] [5030] [WARNING] Reloader is on. Use in development only!
[2026-05-26 14:10:36 +0000] [5033] [INFO] Booting worker with pid: 5033
[2026-05-26 14:10:36 +0000] [5033] [WARNING] Reloader is on. Use in development only!
[2026-05-26 14:10:36 +0000] [5037] [INFO] Booting worker with pid: 5037
[2026-05-26 14:10:36 +0000] [5037] [WARNING] Reloader is on. Use in development only!
[2026-05-26 14:10:36 +0000] [5038] [INFO] Booting worker with pid: 5038
[2026-05-26 14:10:36 +0000] [5038] [WARNING] Reloader is on. Use in development only!
[2026-05-26 14:10:36 +0000] [5040] [INFO] Booting worker with pid: 5040
[2026-05-26 14:10:36 +0000] [5040] [WARNING] Reloader is on. Use in development only!
[2026-05-26 14:10:36 +0000] [5042] [INFO] Booting worker with pid: 5042
[2026-05-26 14:10:36 +0000] [5042] [WARNING] Reloader is on. Use in development only!
[2026-05-26 14:10:36 +0000] [5044] [INFO] Booting worker with pid: 5044
[2026-05-26 14:10:36 +0000] [5044] [WARNING] Reloader is on. Use in development only!
[2026-05-26 14:10:36 +0000] [5048] [INFO] Booting worker with pid: 5048
[2026-05-26 14:10:36 +0000] [5048] [WARNING] Reloader is on. Use in development only!
[2026-05-26 14:10:36 +0000] [5049] [INFO] Booting worker with pid: 5049
[2026-05-26 14:10:36 +0000] [5049] [WARNING] Reloader is on. Use in development only!
[2026-05-26 14:10:36 +0000] [4828] [INFO] Control socket listening at /root/.gunicorn/gunicorn.ctl
[2026-05-26 14:15:55 +0000] [4875] [INFO] Worker reloading: /workspace/suanming-fix/modules/bazi.html modified
[2026-05-26 14:15:55 +0000] [4911] [INFO] Worker reloading: /workspace/suanming-fix/modules/bazi.html modified
[2026-05-26 14:15:55 +0000] [4954] [INFO] Worker reloading: /workspace/suanming-fix/modules/bazi.html modified
[2026-05-26 14:15:55 +0000] [4878] [INFO] Worker reloading: /workspace/suanming-fix/modules/bazi.html modified
[2026-05-26 14:15:55 +0000] [5033] [INFO] Worker reloading: /workspace/suanming-fix/modules/bazi.html modified
[2026-05-26 14:15:55 +0000] [4955] [INFO] Worker reloading: /workspace/suanming-fix/modules/bazi.html modified
[2026-05-26 14:15:55 +0000] [5038] [INFO] Worker reloading: /workspace/suanming-fix/modules/bazi.html modified
[2026-05-26 14:15:55 +0000] [5037] [INFO] Worker reloading: /workspace/suanming-fix/modules/bazi.html modified
[2026-05-26 14:15:55 +0000] [4958] [INFO] Worker reloading: /workspace/suanming-fix/modules/bazi.html modified
[2026-05-26 14:15:55 +0000] [4913] [INFO] Worker reloading: /workspace/suanming-fix/modules/bazi.html modified
[2026-05-26 14:15:55 +0000] [4884] [INFO] Worker reloading: /workspace/suanming-fix/modules/bazi.html modified
[2026-05-26 14:15:55 +0000] [5040] [INFO] Worker reloading: /workspace/suanming-fix/modules/bazi.html modified
[2026-05-26 14:15:55 +0000] [4885] [INFO] Worker reloading: /workspace/suanming-fix/modules/bazi.html modified
[2026-05-26 14:15:55 +0000] [4916] [INFO] Worker reloading: /workspace/suanming-fix/modules/bazi.html modified
[2026-05-26 14:15:55 +0000] [4961] [INFO] Worker reloading: /workspace/suanming-fix/modules/bazi.html modified
[2026-05-26 14:15:55 +0000] [5042] [INFO] Worker reloading: /workspace/suanming-fix/modules/bazi.html modified
[2026-05-26 14:15:55 +0000] [4882] [INFO] Worker reloading: /workspace/suanming-fix/modules/bazi.html modified
[2026-05-26 14:15:55 +0000] [5042] [INFO] Worker exiting (pid: 5042)
[2026-05-26 14:15:55 +0000] [5033] [INFO] Worker exiting (pid: 5033)
[2026-05-26 14:15:55 +0000] [4889] [INFO] Worker reloading: /workspace/suanming-fix/modules/bazi.html modified
[2026-05-26 14:15:55 +0000] [5044] [INFO] Worker reloading: /workspace/suanming-fix/modules/bazi.html modified
[2026-05-26 14:15:55 +0000] [4917] [INFO] Worker reloading: /workspace/suanming-fix/modules/bazi.html modified
[2026-05-26 14:15:55 +0000] [4963] [INFO] Worker reloading: /workspace/suanming-fix/modules/bazi.html modified
[2026-05-26 14:15:55 +0000] [4922] [INFO] Worker reloading: /workspace/suanming-fix/modules/bazi.html modified
[2026-05-26 14:15:55 +0000] [4919] [INFO] Worker reloading: /workspace/suanming-fix/modules/bazi.html modified
[2026-05-26 14:15:55 +0000] [6377] [INFO] Booting worker with pid: 6377
[2026-05-26 14:15:55 +0000] [4828] [INFO] Control socket listening at /root/.gunicorn/gunicorn.ctl
[2026-05-26 14:15:55 +0000] [6377] [WARNING] Reloader is on. Use in development only!
[2026-05-26 14:15:55 +0000] [4964] [INFO] Worker reloading: /workspace/suanming-fix/modules/bazi.html modified
[2026-05-26 14:15:55 +0000] [5049] [INFO] Worker reloading: /workspace/suanming-fix/modules/bazi.html modified
[2026-05-26 14:15:55 +0000] [5048] [INFO] Worker reloading: /workspace/suanming-fix/modules/bazi.html modified
[2026-05-26 14:15:55 +0000] [4921] [INFO] Worker reloading: /workspace/suanming-fix/modules/bazi.html modified
[2026-05-26 14:15:55 +0000] [5040] [INFO] Worker exiting (pid: 5040)
[2026-05-26 14:15:55 +0000] [5044] [INFO] Worker exiting (pid: 5044)
[2026-05-26 14:15:55 +0000] [5037] [INFO] Worker exiting (pid: 5037)
[2026-05-26 14:15:55 +0000] [6379] [INFO] Booting worker with pid: 6379
[2026-05-26 14:15:55 +0000] [5038] [INFO] Worker exiting (pid: 5038)
[2026-05-26 14:15:55 +0000] [4828] [INFO] Control socket listening at /root/.gunicorn/gunicorn.ctl
[2026-05-26 14:15:55 +0000] [6379] [WARNING] Reloader is on. Use in development only!
[2026-05-26 14:15:55 +0000] [4926] [INFO] Worker reloading: /workspace/suanming-fix/modules/bazi.html modified
[2026-05-26 14:15:55 +0000] [4925] [INFO] Worker reloading: /workspace/suanming-fix/modules/bazi.html modified
[2026-05-26 14:15:55 +0000] [4891] [INFO] Worker reloading: /workspace/suanming-fix/modules/bazi.html modified
[2026-05-26 14:15:55 +0000] [5049] [INFO] Worker exiting (pid: 5049)
[2026-05-26 14:15:55 +0000] [4966] [INFO] Worker reloading: /workspace/suanming-fix/modules/bazi.html modified
[2026-05-26 14:15:55 +0000] [6382] [INFO] Booting worker with pid: 6382
[2026-05-26 14:15:55 +0000] [4828] [INFO] Control socket listening at /root/.gunicorn/gunicorn.ctl
[2026-05-26 14:15:55 +0000] [6382] [WARNING] Reloader is on. Use in development only!
[2026-05-26 14:15:55 +0000] [4893] [INFO] Worker reloading: /workspace/suanming-fix/modules/bazi.html modified
[2026-05-26 14:15:55 +0000] [4896] [INFO] Worker reloading: /workspace/suanming-fix/modules/bazi.html modified
[2026-05-26 14:15:55 +0000] [4929] [INFO] Worker reloading: /workspace/suanming-fix/modules/bazi.html modified
[2026-05-26 14:15:55 +0000] [6386] [INFO] Booting worker with pid: 6386
[2026-05-26 14:15:55 +0000] [4828] [INFO] Control socket listening at /root/.gunicorn/gunicorn.ctl
[2026-05-26 14:15:55 +0000] [6386] [WARNING] Reloader is on. Use in development only!
[2026-05-26 14:15:55 +0000] [4972] [INFO] Worker reloading: /workspace/suanming-fix/modules/bazi.html modified
[2026-05-26 14:15:55 +0000] [4970] [INFO] Worker reloading: /workspace/suanming-fix/modules/bazi.html modified
[2026-05-26 14:15:55 +0000] [4934] [INFO] Worker reloading: /workspace/suanming-fix/modules/bazi.html modified
[2026-05-26 14:15:55 +0000] [6388] [INFO] Booting worker with pid: 6388
[2026-05-26 14:15:55 +0000] [4828] [INFO] Control socket listening at /root/.gunicorn/gunicorn.ctl
[2026-05-26 14:15:55 +0000] [6388] [WARNING] Reloader is on. Use in development only!
[2026-05-26 14:15:55 +0000] [4899] [INFO] Worker reloading: /workspace/suanming-fix/modules/bazi.html modified
[2026-05-26 14:15:55 +0000] [4894] [INFO] Worker reloading: /workspace/suanming-fix/modules/bazi.html modified
[2026-05-26 14:15:55 +0000] [4933] [INFO] Worker reloading: /workspace/suanming-fix/modules/bazi.html modified
[2026-05-26 14:15:55 +0000] [4991] [INFO] Worker reloading: /workspace/suanming-fix/modules/bazi.html modified
[2026-05-26 14:15:55 +0000] [4985] [INFO] Worker reloading: /workspace/suanming-fix/modules/bazi.html modified
[2026-05-26 14:15:55 +0000] [6391] [INFO] Booting worker with pid: 6391
[2026-05-26 14:15:55 +0000] [4828] [INFO] Control socket listening at /root/.gunicorn/gunicorn.ctl
[2026-05-26 14:15:55 +0000] [6391] [WARNING] Reloader is on. Use in development only!
[2026-05-26 14:15:55 +0000] [4936] [INFO] Worker reloading: /workspace/suanming-fix/modules/bazi.html modified
[2026-05-26 14:15:55 +0000] [4973] [INFO] Worker reloading: /workspace/suanming-fix/modules/bazi.html modified
[2026-05-26 14:15:55 +0000] [6393] [INFO] Booting worker with pid: 6393
[2026-05-26 14:15:55 +0000] [4828] [INFO] Control socket listening at /root/.gunicorn/gunicorn.ctl
[2026-05-26 14:15:55 +0000] [6393] [WARNING] Reloader is on. Use in development only!
[2026-05-26 14:15:55 +0000] [4875] [INFO] Worker exiting (pid: 4875)
[2026-05-26 14:15:55 +0000] [4902] [INFO] Worker reloading: /workspace/suanming-fix/modules/bazi.html modified
[2026-05-26 14:15:55 +0000] [4937] [INFO] Worker reloading: /workspace/suanming-fix/modules/bazi.html modified
[2026-05-26 14:15:55 +0000] [4878] [INFO] Worker exiting (pid: 4878)
[2026-05-26 14:15:55 +0000] [6397] [INFO] Booting worker with pid: 6397
[2026-05-26 14:15:55 +0000] [4828] [INFO] Control socket listening at /root/.gunicorn/gunicorn.ctl
[2026-05-26 14:15:55 +0000] [6397] [WARNING] Reloader is on. Use in development only!
[2026-05-26 14:15:55 +0000] [5023] [INFO] Worker reloading: /workspace/suanming-fix/modules/bazi.html modified
[2026-05-26 14:15:55 +0000] [4911] [INFO] Worker exiting (pid: 4911)
[2026-05-26 14:15:55 +0000] [4954] [INFO] Worker exiting (pid: 4954)
[2026-05-26 14:15:55 +0000] [4955] [INFO] Worker exiting (pid: 4955)
[2026-05-26 14:15:55 +0000] [4913] [INFO] Worker exiting (pid: 4913)
[2026-05-26 14:15:55 +0000] [6402] [INFO] Booting worker with pid: 6402
[2026-05-26 14:15:55 +0000] [4828] [INFO] Control socket listening at /root/.gunicorn/gunicorn.ctl
[2026-05-26 14:15:55 +0000] [6402] [WARNING] Reloader is on. Use in development only!
[2026-05-26 14:15:55 +0000] [4868] [INFO] Worker reloading: /workspace/suanming-fix/modules/bazi.html modified
[2026-05-26 14:15:55 +0000] [4882] [INFO] Worker exiting (pid: 4882)
[2026-05-26 14:15:55 +0000] [5027] [INFO] Worker reloading: /workspace/suanming-fix/modules/bazi.html modified
[2026-05-26 14:15:55 +0000] [4945] [INFO] Worker reloading: /workspace/suanming-fix/modules/bazi.html modified
[2026-05-26 14:15:55 +0000] [4869] [INFO] Worker reloading: /workspace/suanming-fix/modules/bazi.html modified
[2026-05-26 14:15:55 +0000] [4941] [INFO] Worker reloading: /workspace/suanming-fix/modules/bazi.html modified
[2026-05-26 14:15:55 +0000] [5026] [INFO] Worker reloading: /workspace/suanming-fix/modules/bazi.html modified
[2026-05-26 14:15:55 +0000] [4940] [INFO] Worker reloading: /workspace/suanming-fix/modules/bazi.html modified
[2026-05-26 14:15:55 +0000] [4906] [INFO] Worker reloading: /workspace/suanming-fix/modules/bazi.html modified
[2026-05-26 14:15:55 +0000] [6404] [INFO] Booting worker with pid: 6404
[2026-05-26 14:15:55 +0000] [4828] [INFO] Control socket listening at /root/.gunicorn/gunicorn.ctl
[2026-05-26 14:15:55 +0000] [5029] [INFO] Worker reloading: /workspace/suanming-fix/modules/bazi.html modified
[2026-05-26 14:15:55 +0000] [6404] [WARNING] Reloader is on. Use in development only!
[2026-05-26 14:15:55 +0000] [4904] [INFO] Worker reloading: /workspace/suanming-fix/modules/bazi.html modified
[2026-05-26 14:15:55 +0000] [4947] [INFO] Worker reloading: /workspace/suanming-fix/modules/bazi.html modified
[2026-05-26 14:15:55 +0000] [4958] [INFO] Worker exiting (pid: 4958)
[2026-05-26 14:15:55 +0000] [4884] [INFO] Worker exiting (pid: 4884)
[2026-05-26 14:15:55 +0000] [4944] [INFO] Worker reloading: /workspace/suanming-fix/modules/bazi.html modified
[2026-05-26 14:15:55 +0000] [4873] [INFO] Worker reloading: /workspace/suanming-fix/modules/bazi.html modified
[2026-05-26 14:15:55 +0000] [5030] [INFO] Worker reloading: /workspace/suanming-fix/modules/bazi.html modified
[2026-05-26 14:15:56 +0000] [4908] [INFO] Worker reloading: /workspace/suanming-fix/modules/bazi.html modified
[2026-05-26 14:15:56 +0000] [4870] [INFO] Worker reloading: /workspace/suanming-fix/modules/bazi.html modified
[2026-05-26 14:15:56 +0000] [6407] [INFO] Booting worker with pid: 6407
[2026-05-26 14:15:56 +0000] [4828] [INFO] Control socket listening at /root/.gunicorn/gunicorn.ctl
[2026-05-26 14:15:56 +0000] [6407] [WARNING] Reloader is on. Use in development only!
[2026-05-26 14:15:56 +0000] [4874] [INFO] Worker reloading: /workspace/suanming-fix/modules/bazi.html modified
[2026-05-26 14:15:56 +0000] [4952] [INFO] Worker reloading: /workspace/suanming-fix/modules/bazi.html modified
[2026-05-26 14:15:56 +0000] [4916] [INFO] Worker exiting (pid: 4916)
[2026-05-26 14:15:56 +0000] [4885] [INFO] Worker exiting (pid: 4885)
[2026-05-26 14:15:56 +0000] [4917] [INFO] Worker exiting (pid: 4917)
[2026-05-26 14:15:56 +0000] [4961] [INFO] Worker exiting (pid: 4961)
[2026-05-26 14:15:56 +0000] [4919] [INFO] Worker exiting (pid: 4919)
[2026-05-26 14:15:56 +0000] [4963] [INFO] Worker exiting (pid: 4963)
[2026-05-26 14:15:56 +0000] [6410] [INFO] Booting worker with pid: 6410
[2026-05-26 14:15:56 +0000] [4828] [INFO] Control socket listening at /root/.gunicorn/gunicorn.ctl
[2026-05-26 14:15:56 +0000] [6410] [WARNING] Reloader is on. Use in development only!
[2026-05-26 14:15:56 +0000] [4922] [INFO] Worker exiting (pid: 4922)
[2026-05-26 14:15:56 +0000] [4921] [INFO] Worker exiting (pid: 4921)
[2026-05-26 14:15:56 +0000] [4964] [INFO] Worker exiting (pid: 4964)
[2026-05-26 14:15:56 +0000] [4889] [INFO] Worker exiting (pid: 4889)
[2026-05-26 14:15:56 +0000] [6414] [INFO] Booting worker with pid: 6414
[2026-05-26 14:15:56 +0000] [4828] [INFO] Control socket listening at /root/.gunicorn/gunicorn.ctl
[2026-05-26 14:15:56 +0000] [6414] [WARNING] Reloader is on. Use in development only!
[2026-05-26 14:15:56 +0000] [4966] [INFO] Worker exiting (pid: 4966)
[2026-05-26 14:15:56 +0000] [4925] [INFO] Worker exiting (pid: 4925)
[2026-05-26 14:15:56 +0000] [6417] [INFO] Booting worker with pid: 6417
[2026-05-26 14:15:56 +0000] [4828] [INFO] Control socket listening at /root/.gunicorn/gunicorn.ctl
[2026-05-26 14:15:56 +0000] [6417] [WARNING] Reloader is on. Use in development only!
[2026-05-26 14:15:56 +0000] [4891] [INFO] Worker exiting (pid: 4891)
[2026-05-26 14:15:56 +0000] [6419] [INFO] Booting worker with pid: 6419
[2026-05-26 14:15:56 +0000] [4828] [INFO] Control socket listening at /root/.gunicorn/gunicorn.ctl
[2026-05-26 14:15:56 +0000] [6419] [WARNING] Reloader is on. Use in development only!
[2026-05-26 14:15:56 +0000] [4926] [INFO] Worker exiting (pid: 4926)
[2026-05-26 14:15:56 +0000] [4893] [INFO] Worker exiting (pid: 4893)
[2026-05-26 14:15:56 +0000] [4894] [INFO] Worker exiting (pid: 4894)
[2026-05-26 14:15:56 +0000] [4929] [INFO] Worker exiting (pid: 4929)
[2026-05-26 14:15:56 +0000] [6422] [INFO] Booting worker with pid: 6422
[2026-05-26 14:15:56 +0000] [4828] [INFO] Control socket listening at /root/.gunicorn/gunicorn.ctl
[2026-05-26 14:15:56 +0000] [6422] [WARNING] Reloader is on. Use in development only!
[2026-05-26 14:15:56 +0000] [4970] [INFO] Worker exiting (pid: 4970)
[2026-05-26 14:15:56 +0000] [4896] [INFO] Worker exiting (pid: 4896)
[2026-05-26 14:15:56 +0000] [4973] [INFO] Worker exiting (pid: 4973)
[2026-05-26 14:15:56 +0000] [4972] [INFO] Worker exiting (pid: 4972)
[2026-05-26 14:15:56 +0000] [5048] [INFO] Worker exiting (pid: 5048)
[2026-05-26 14:15:56 +0000] [6424] [INFO] Booting worker with pid: 6424
[2026-05-26 14:15:56 +0000] [4828] [INFO] Control socket listening at /root/.gunicorn/gunicorn.ctl
[2026-05-26 14:15:56 +0000] [6424] [WARNING] Reloader is on. Use in development only!
[2026-05-26 14:15:56 +0000] [4933] [INFO] Worker exiting (pid: 4933)
[2026-05-26 14:15:56 +0000] [4934] [INFO] Worker exiting (pid: 4934)
[2026-05-26 14:15:56 +0000] [4899] [INFO] Worker exiting (pid: 4899)
[2026-05-26 14:15:56 +0000] [4985] [INFO] Worker exiting (pid: 4985)
[2026-05-26 14:15:56 +0000] [5029] [INFO] Worker exiting (pid: 5029)
[2026-05-26 14:15:56 +0000] [5027] [INFO] Worker exiting (pid: 5027)
[2026-05-26 14:15:56 +0000] [5023] [INFO] Worker exiting (pid: 5023)
[2026-05-26 14:15:56 +0000] [4936] [INFO] Worker exiting (pid: 4936)
[2026-05-26 14:15:56 +0000] [6426] [INFO] Booting worker with pid: 6426
[2026-05-26 14:15:56 +0000] [4828] [INFO] Control socket listening at /root/.gunicorn/gunicorn.ctl
[2026-05-26 14:15:56 +0000] [4902] [INFO] Worker exiting (pid: 4902)
[2026-05-26 14:15:56 +0000] [6426] [WARNING] Reloader is on. Use in development only!
[2026-05-26 14:15:56 +0000] [4991] [INFO] Worker exiting (pid: 4991)
[2026-05-26 14:15:56 +0000] [4940] [INFO] Worker exiting (pid: 4940)
[2026-05-26 14:15:56 +0000] [4937] [INFO] Worker exiting (pid: 4937)
[2026-05-26 14:15:56 +0000] [6430] [INFO] Booting worker with pid: 6430
[2026-05-26 14:15:56 +0000] [4828] [INFO] Control socket listening at /root/.gunicorn/gunicorn.ctl
[2026-05-26 14:15:56 +0000] [4868] [INFO] Worker exiting (pid: 4868)
[2026-05-26 14:15:56 +0000] [6430] [WARNING] Reloader is on. Use in development only!
[2026-05-26 14:15:56 +0000] [6432] [INFO] Booting worker with pid: 6432
[2026-05-26 14:15:56 +0000] [4869] [INFO] Worker exiting (pid: 4869)
[2026-05-26 14:15:56 +0000] [6432] [WARNING] Reloader is on. Use in development only!
[2026-05-26 14:15:56 +0000] [5026] [INFO] Worker exiting (pid: 5026)
[2026-05-26 14:15:56 +0000] [4945] [INFO] Worker exiting (pid: 4945)
[2026-05-26 14:15:56 +0000] [4947] [INFO] Worker exiting (pid: 4947)
[2026-05-26 14:15:56 +0000] [4828] [INFO] Control socket listening at /root/.gunicorn/gunicorn.ctl
[2026-05-26 14:15:56 +0000] [4944] [INFO] Worker exiting (pid: 4944)
[2026-05-26 14:15:56 +0000] [4904] [INFO] Worker exiting (pid: 4904)
[2026-05-26 14:15:56 +0000] [6435] [INFO] Booting worker with pid: 6435
[2026-05-26 14:15:56 +0000] [4941] [INFO] Worker exiting (pid: 4941)
[2026-05-26 14:15:56 +0000] [4828] [INFO] Control socket listening at /root/.gunicorn/gunicorn.ctl
[2026-05-26 14:15:56 +0000] [6435] [WARNING] Reloader is on. Use in development only!
[2026-05-26 14:15:56 +0000] [4874] [INFO] Worker exiting (pid: 4874)
[2026-05-26 14:15:56 +0000] [4873] [INFO] Worker exiting (pid: 4873)
[2026-05-26 14:15:56 +0000] [5030] [INFO] Worker exiting (pid: 5030)
[2026-05-26 14:15:56 +0000] [4870] [INFO] Worker exiting (pid: 4870)
[2026-05-26 14:15:56 +0000] [4952] [INFO] Worker exiting (pid: 4952)
[2026-05-26 14:15:56 +0000] [4906] [INFO] Worker exiting (pid: 4906)
[2026-05-26 14:15:56 +0000] [4908] [INFO] Worker exiting (pid: 4908)
[2026-05-26 14:15:56 +0000] [4828] [INFO] Control socket listening at /root/.gunicorn/gunicorn.ctl
[2026-05-26 14:15:56 +0000] [6437] [INFO] Booting worker with pid: 6437
[2026-05-26 14:15:56 +0000] [6437] [WARNING] Reloader is on. Use in development only!
[2026-05-26 14:15:56 +0000] [6441] [INFO] Booting worker with pid: 6441
[2026-05-26 14:15:56 +0000] [6441] [WARNING] Reloader is on. Use in development only!
[2026-05-26 14:15:57 +0000] [4828] [INFO] Control socket listening at /root/.gunicorn/gunicorn.ctl
[2026-05-26 14:15:57 +0000] [4828] [INFO] Control socket listening at /root/.gunicorn/gunicorn.ctl
[2026-05-26 14:15:57 +0000] [6443] [INFO] Booting worker with pid: 6443
[2026-05-26 14:15:57 +0000] [6443] [WARNING] Reloader is on. Use in development only!
[2026-05-26 14:15:57 +0000] [6445] [INFO] Booting worker with pid: 6445
[2026-05-26 14:15:57 +0000] [4828] [INFO] Control socket listening at /root/.gunicorn/gunicorn.ctl
[2026-05-26 14:15:57 +0000] [6445] [WARNING] Reloader is on. Use in development only!
[2026-05-26 14:15:57 +0000] [6447] [INFO] Booting worker with pid: 6447
[2026-05-26 14:15:57 +0000] [4828] [INFO] Control socket listening at /root/.gunicorn/gunicorn.ctl
[2026-05-26 14:15:57 +0000] [6447] [WARNING] Reloader is on. Use in development only!
[2026-05-26 14:15:57 +0000] [4828] [INFO] Control socket listening at /root/.gunicorn/gunicorn.ctl
[2026-05-26 14:15:57 +0000] [6450] [INFO] Booting worker with pid: 6450
[2026-05-26 14:15:57 +0000] [6450] [WARNING] Reloader is on. Use in development only!
[2026-05-26 14:15:57 +0000] [6452] [INFO] Booting worker with pid: 6452
[2026-05-26 14:15:57 +0000] [4828] [INFO] Control socket listening at /root/.gunicorn/gunicorn.ctl
[2026-05-26 14:15:57 +0000] [6452] [WARNING] Reloader is on. Use in development only!
[2026-05-26 14:15:57 +0000] [6454] [INFO] Booting worker with pid: 6454
[2026-05-26 14:15:57 +0000] [4828] [INFO] Control socket listening at /root/.gunicorn/gunicorn.ctl
[2026-05-26 14:15:57 +0000] [6454] [WARNING] Reloader is on. Use in development only!
[2026-05-26 14:15:57 +0000] [6457] [INFO] Booting worker with pid: 6457
[2026-05-26 14:15:57 +0000] [4828] [INFO] Control socket listening at /root/.gunicorn/gunicorn.ctl
[2026-05-26 14:15:57 +0000] [6457] [WARNING] Reloader is on. Use in development only!
[2026-05-26 14:15:57 +0000] [6461] [INFO] Booting worker with pid: 6461
[2026-05-26 14:15:57 +0000] [4828] [INFO] Control socket listening at /root/.gunicorn/gunicorn.ctl
[2026-05-26 14:15:57 +0000] [6461] [WARNING] Reloader is on. Use in development only!
[2026-05-26 14:15:57 +0000] [6464] [INFO] Booting worker with pid: 6464
[2026-05-26 14:15:57 +0000] [4828] [INFO] Control socket listening at /root/.gunicorn/gunicorn.ctl
[2026-05-26 14:15:57 +0000] [6464] [WARNING] Reloader is on. Use in development only!
[2026-05-26 14:15:57 +0000] [6466] [INFO] Booting worker with pid: 6466
[2026-05-26 14:15:57 +0000] [4828] [INFO] Control socket listening at /root/.gunicorn/gunicorn.ctl
[2026-05-26 14:15:57 +0000] [6466] [WARNING] Reloader is on. Use in development only!
[2026-05-26 14:15:57 +0000] [6474] [INFO] Booting worker with pid: 6474
[2026-05-26 14:15:57 +0000] [4828] [INFO] Control socket listening at /root/.gunicorn/gunicorn.ctl
[2026-05-26 14:15:57 +0000] [6474] [WARNING] Reloader is on. Use in development only!
[2026-05-26 14:15:58 +0000] [6482] [INFO] Booting worker with pid: 6482
[2026-05-26 14:15:58 +0000] [4828] [INFO] Control socket listening at /root/.gunicorn/gunicorn.ctl
[2026-05-26 14:15:58 +0000] [6482] [WARNING] Reloader is on. Use in development only!
[2026-05-26 14:15:58 +0000] [6488] [INFO] Booting worker with pid: 6488
[2026-05-26 14:15:58 +0000] [4828] [INFO] Control socket listening at /root/.gunicorn/gunicorn.ctl
[2026-05-26 14:15:58 +0000] [6488] [WARNING] Reloader is on. Use in development only!
[2026-05-26 14:15:58 +0000] [6492] [INFO] Booting worker with pid: 6492
[2026-05-26 14:15:58 +0000] [4828] [INFO] Control socket listening at /root/.gunicorn/gunicorn.ctl
[2026-05-26 14:15:58 +0000] [6492] [WARNING] Reloader is on. Use in development only!
[2026-05-26 14:15:58 +0000] [6495] [INFO] Booting worker with pid: 6495
[2026-05-26 14:15:58 +0000] [4828] [INFO] Control socket listening at /root/.gunicorn/gunicorn.ctl
[2026-05-26 14:15:58 +0000] [6495] [WARNING] Reloader is on. Use in development only!
[2026-05-26 14:15:58 +0000] [6498] [INFO] Booting worker with pid: 6498
[2026-05-26 14:15:58 +0000] [4828] [INFO] Control socket listening at /root/.gunicorn/gunicorn.ctl
[2026-05-26 14:15:58 +0000] [6498] [WARNING] Reloader is on. Use in development only!
[2026-05-26 14:15:58 +0000] [6501] [INFO] Booting worker with pid: 6501
[2026-05-26 14:15:58 +0000] [4828] [INFO] Control socket listening at /root/.gunicorn/gunicorn.ctl
[2026-05-26 14:15:58 +0000] [6501] [WARNING] Reloader is on. Use in development only!
[2026-05-26 14:15:58 +0000] [6504] [INFO] Booting worker with pid: 6504
[2026-05-26 14:15:58 +0000] [4828] [INFO] Control socket listening at /root/.gunicorn/gunicorn.ctl
[2026-05-26 14:15:58 +0000] [6504] [WARNING] Reloader is on. Use in development only!
[2026-05-26 14:15:58 +0000] [6508] [INFO] Booting worker with pid: 6508
[2026-05-26 14:15:58 +0000] [4828] [INFO] Control socket listening at /root/.gunicorn/gunicorn.ctl
[2026-05-26 14:15:58 +0000] [6508] [WARNING] Reloader is on. Use in development only!
[2026-05-26 14:15:58 +0000] [6511] [INFO] Booting worker with pid: 6511
[2026-05-26 14:15:58 +0000] [4828] [INFO] Control socket listening at /root/.gunicorn/gunicorn.ctl
[2026-05-26 14:15:58 +0000] [6511] [WARNING] Reloader is on. Use in development only!
[2026-05-26 14:15:58 +0000] [6514] [INFO] Booting worker with pid: 6514
[2026-05-26 14:15:58 +0000] [4828] [INFO] Control socket listening at /root/.gunicorn/gunicorn.ctl
[2026-05-26 14:15:58 +0000] [6514] [WARNING] Reloader is on. Use in development only!
[2026-05-26 14:15:58 +0000] [6517] [INFO] Booting worker with pid: 6517
[2026-05-26 14:15:58 +0000] [4828] [INFO] Control socket listening at /root/.gunicorn/gunicorn.ctl
[2026-05-26 14:15:58 +0000] [6517] [WARNING] Reloader is on. Use in development only!
[2026-05-26 14:15:58 +0000] [6519] [INFO] Booting worker with pid: 6519
[2026-05-26 14:15:58 +0000] [4828] [INFO] Control socket listening at /root/.gunicorn/gunicorn.ctl
[2026-05-26 14:15:58 +0000] [6519] [WARNING] Reloader is on. Use in development only!
[2026-05-26 14:15:58 +0000] [6522] [INFO] Booting worker with pid: 6522
[2026-05-26 14:15:58 +0000] [4828] [INFO] Control socket listening at /root/.gunicorn/gunicorn.ctl
[2026-05-26 14:15:58 +0000] [6522] [WARNING] Reloader is on. Use in development only!
[2026-05-26 14:15:58 +0000] [6525] [INFO] Booting worker with pid: 6525
[2026-05-26 14:15:58 +0000] [4828] [INFO] Control socket listening at /root/.gunicorn/gunicorn.ctl
[2026-05-26 14:15:58 +0000] [6525] [WARNING] Reloader is on. Use in development only!
[2026-05-26 14:15:58 +0000] [6531] [INFO] Booting worker with pid: 6531
[2026-05-26 14:15:58 +0000] [4828] [INFO] Control socket listening at /root/.gunicorn/gunicorn.ctl
[2026-05-26 14:15:58 +0000] [6531] [WARNING] Reloader is on. Use in development only!
[2026-05-26 14:15:58 +0000] [6533] [INFO] Booting worker with pid: 6533
[2026-05-26 14:15:58 +0000] [4828] [INFO] Control socket listening at /root/.gunicorn/gunicorn.ctl
[2026-05-26 14:15:58 +0000] [6533] [WARNING] Reloader is on. Use in development only!
[2026-05-26 14:15:58 +0000] [6535] [INFO] Booting worker with pid: 6535
[2026-05-26 14:15:58 +0000] [4828] [INFO] Control socket listening at /root/.gunicorn/gunicorn.ctl
[2026-05-26 14:15:58 +0000] [6535] [WARNING] Reloader is on. Use in development only!
[2026-05-26 14:15:58 +0000] [6539] [INFO] Booting worker with pid: 6539
[2026-05-26 14:15:58 +0000] [4828] [INFO] Control socket listening at /root/.gunicorn/gunicorn.ctl
[2026-05-26 14:15:58 +0000] [6539] [WARNING] Reloader is on. Use in development only!
[2026-05-26 14:15:58 +0000] [6543] [INFO] Booting worker with pid: 6543
[2026-05-26 14:15:58 +0000] [4828] [INFO] Control socket listening at /root/.gunicorn/gunicorn.ctl
[2026-05-26 14:15:58 +0000] [6543] [WARNING] Reloader is on. Use in development only!
[2026-05-26 14:15:59 +0000] [6547] [INFO] Booting worker with pid: 6547
[2026-05-26 14:15:59 +0000] [4828] [INFO] Control socket listening at /root/.gunicorn/gunicorn.ctl
[2026-05-26 14:15:59 +0000] [6547] [WARNING] Reloader is on. Use in development only!
[2026-05-26 14:15:59 +0000] [6549] [INFO] Booting worker with pid: 6549
[2026-05-26 14:15:59 +0000] [4828] [INFO] Control socket listening at /root/.gunicorn/gunicorn.ctl
[2026-05-26 14:15:59 +0000] [6549] [WARNING] Reloader is on. Use in development only!
[2026-05-26 14:15:59 +0000] [6552] [INFO] Booting worker with pid: 6552
[2026-05-26 14:15:59 +0000] [4828] [INFO] Control socket listening at /root/.gunicorn/gunicorn.ctl
[2026-05-26 14:15:59 +0000] [6552] [WARNING] Reloader is on. Use in development only!
[2026-05-26 14:15:59 +0000] [6554] [INFO] Booting worker with pid: 6554
[2026-05-26 14:15:59 +0000] [4828] [INFO] Control socket listening at /root/.gunicorn/gunicorn.ctl
[2026-05-26 14:15:59 +0000] [6554] [WARNING] Reloader is on. Use in development only!
[2026-05-26 14:15:59 +0000] [6558] [INFO] Booting worker with pid: 6558
[2026-05-26 14:15:59 +0000] [4828] [INFO] Control socket listening at /root/.gunicorn/gunicorn.ctl
[2026-05-26 14:15:59 +0000] [6558] [WARNING] Reloader is on. Use in development only!
[2026-05-26 14:15:59 +0000] [6561] [INFO] Booting worker with pid: 6561
[2026-05-26 14:15:59 +0000] [4828] [INFO] Control socket listening at /root/.gunicorn/gunicorn.ctl
[2026-05-26 14:15:59 +0000] [6561] [WARNING] Reloader is on. Use in development only!
[2026-05-26 14:15:59 +0000] [6565] [INFO] Booting worker with pid: 6565
[2026-05-26 14:15:59 +0000] [4828] [INFO] Control socket listening at /root/.gunicorn/gunicorn.ctl
[2026-05-26 14:15:59 +0000] [6565] [WARNING] Reloader is on. Use in development only!
[2026-05-26 14:15:59 +0000] [6569] [INFO] Booting worker with pid: 6569
[2026-05-26 14:15:59 +0000] [4828] [INFO] Control socket listening at /root/.gunicorn/gunicorn.ctl
[2026-05-26 14:15:59 +0000] [6569] [WARNING] Reloader is on. Use in development only!
[2026-05-26 14:15:59 +0000] [6571] [INFO] Booting worker with pid: 6571
[2026-05-26 14:15:59 +0000] [4828] [INFO] Control socket listening at /root/.gunicorn/gunicorn.ctl
[2026-05-26 14:15:59 +0000] [6571] [WARNING] Reloader is on. Use in development only!
[2026-05-26 14:15:59 +0000] [6574] [INFO] Booting worker with pid: 6574
[2026-05-26 14:15:59 +0000] [4828] [INFO] Control socket listening at /root/.gunicorn/gunicorn.ctl
[2026-05-26 14:15:59 +0000] [6574] [WARNING] Reloader is on. Use in development only!
[2026-05-26 14:15:59 +0000] [6578] [INFO] Booting worker with pid: 6578
[2026-05-26 14:15:59 +0000] [4828] [INFO] Control socket listening at /root/.gunicorn/gunicorn.ctl
[2026-05-26 14:15:59 +0000] [6578] [WARNING] Reloader is on. Use in development only!
[2026-05-26 14:15:59 +0000] [6581] [INFO] Booting worker with pid: 6581
[2026-05-26 14:15:59 +0000] [4828] [INFO] Control socket listening at /root/.gunicorn/gunicorn.ctl
[2026-05-26 14:15:59 +0000] [6581] [WARNING] Reloader is on. Use in development only!
[2026-05-26 14:16:24 +0000] [6565] [INFO] Worker reloading: /workspace/suanming-fix/modules/bazi.html modified
[2026-05-26 14:16:24 +0000] [6569] [INFO] Worker reloading: /workspace/suanming-fix/modules/bazi.html modified
[2026-05-26 14:16:24 +0000] [6504] [INFO] Worker reloading: /workspace/suanming-fix/modules/bazi.html modified
[2026-05-26 14:16:24 +0000] [6571] [INFO] Worker reloading: /workspace/suanming-fix/modules/bazi.html modified
[2026-05-26 14:16:24 +0000] [6414] [INFO] Worker reloading: /workspace/suanming-fix/modules/bazi.html modified
[2026-05-26 14:16:24 +0000] [6508] [INFO] Worker reloading: /workspace/suanming-fix/modules/bazi.html modified
[2026-05-26 14:16:24 +0000] [6511] [INFO] Worker reloading: /workspace/suanming-fix/modules/bazi.html modified
[2026-05-26 14:16:24 +0000] [6574] [INFO] Worker reloading: /workspace/suanming-fix/modules/bazi.html modified
[2026-05-26 14:16:24 +0000] [6377] [INFO] Worker reloading: /workspace/suanming-fix/modules/bazi.html modified
[2026-05-26 14:16:24 +0000] [6379] [INFO] Worker reloading: /workspace/suanming-fix/modules/bazi.html modified
[2026-05-26 14:16:24 +0000] [6422] [INFO] Worker reloading: /workspace/suanming-fix/modules/bazi.html modified
[2026-05-26 14:16:24 +0000] [6426] [INFO] Worker reloading: /workspace/suanming-fix/modules/bazi.html modified
[2026-05-26 14:16:24 +0000] [6514] [INFO] Worker reloading: /workspace/suanming-fix/modules/bazi.html modified
[2026-05-26 14:16:24 +0000] [6517] [INFO] Worker reloading: /workspace/suanming-fix/modules/bazi.html modified
[2026-05-26 14:16:24 +0000] [6578] [INFO] Worker reloading: /workspace/suanming-fix/modules/bazi.html modified
[2026-05-26 14:16:24 +0000] [6519] [INFO] Worker reloading: /workspace/suanming-fix/modules/bazi.html modified
[2026-05-26 14:16:24 +0000] [6417] [INFO] Worker reloading: /workspace/suanming-fix/modules/bazi.html modified
[2026-05-26 14:16:24 +0000] [6382] [INFO] Worker reloading: /workspace/suanming-fix/modules/bazi.html modified
[2026-05-26 14:16:24 +0000] [6430] [INFO] Worker reloading: /workspace/suanming-fix/modules/bazi.html modified
[2026-05-26 14:16:24 +0000] [6522] [INFO] Worker reloading: /workspace/suanming-fix/modules/bazi.html modified
[2026-05-26 14:16:24 +0000] [6581] [INFO] Worker reloading: /workspace/suanming-fix/modules/bazi.html modified
[2026-05-26 14:16:24 +0000] [6525] [INFO] Worker reloading: /workspace/suanming-fix/modules/bazi.html modified
[2026-05-26 14:16:24 +0000] [6386] [INFO] Worker reloading: /workspace/suanming-fix/modules/bazi.html modified
[2026-05-26 14:16:24 +0000] [6432] [INFO] Worker reloading: /workspace/suanming-fix/modules/bazi.html modified
[2026-05-26 14:16:24 +0000] [6388] [INFO] Worker reloading: /workspace/suanming-fix/modules/bazi.html modified
[2026-05-26 14:16:24 +0000] [6437] [INFO] Worker reloading: /workspace/suanming-fix/modules/bazi.html modified
[2026-05-26 14:16:24 +0000] [6435] [INFO] Worker reloading: /workspace/suanming-fix/modules/bazi.html modified
[2026-05-26 14:16:24 +0000] [6531] [INFO] Worker reloading: /workspace/suanming-fix/modules/bazi.html modified
[2026-05-26 14:16:24 +0000] [6533] [INFO] Worker reloading: /workspace/suanming-fix/modules/bazi.html modified
[2026-05-26 14:16:24 +0000] [6535] [INFO] Worker reloading: /workspace/suanming-fix/modules/bazi.html modified
[2026-05-26 14:16:24 +0000] [6443] [INFO] Worker reloading: /workspace/suanming-fix/modules/bazi.html modified
[2026-05-26 14:16:24 +0000] [6419] [INFO] Worker reloading: /workspace/suanming-fix/modules/bazi.html modified
[2026-05-26 14:16:24 +0000] [6391] [INFO] Worker reloading: /workspace/suanming-fix/modules/bazi.html modified
[2026-05-26 14:16:24 +0000] [6424] [INFO] Worker reloading: /workspace/suanming-fix/modules/bazi.html modified
[2026-05-26 14:16:24 +0000] [6450] [INFO] Worker reloading: /workspace/suanming-fix/modules/bazi.html modified
[2026-05-26 14:16:24 +0000] [6447] [INFO] Worker reloading: /workspace/suanming-fix/modules/bazi.html modified
[2026-05-26 14:16:24 +0000] [6441] [INFO] Worker reloading: /workspace/suanming-fix/modules/bazi.html modified
[2026-05-26 14:16:24 +0000] [6452] [INFO] Worker reloading: /workspace/suanming-fix/modules/bazi.html modified
[2026-05-26 14:16:25 +0000] [6445] [INFO] Worker reloading: /workspace/suanming-fix/modules/bazi.html modified
[2026-05-26 14:16:25 +0000] [6539] [INFO] Worker reloading: /workspace/suanming-fix/modules/bazi.html modified
[2026-05-26 14:16:25 +0000] [6454] [INFO] Worker reloading: /workspace/suanming-fix/modules/bazi.html modified
[2026-05-26 14:16:25 +0000] [6393] [INFO] Worker reloading: /workspace/suanming-fix/modules/bazi.html modified
[2026-05-26 14:16:25 +0000] [6397] [INFO] Worker reloading: /workspace/suanming-fix/modules/bazi.html modified
[2026-05-26 14:16:25 +0000] [6457] [INFO] Worker reloading: /workspace/suanming-fix/modules/bazi.html modified
[2026-05-26 14:16:25 +0000] [6543] [INFO] Worker reloading: /workspace/suanming-fix/modules/bazi.html modified
[2026-05-26 14:16:25 +0000] [6466] [INFO] Worker reloading: /workspace/suanming-fix/modules/bazi.html modified
[2026-05-26 14:16:25 +0000] [6461] [INFO] Worker reloading: /workspace/suanming-fix/modules/bazi.html modified
[2026-05-26 14:16:25 +0000] [6464] [INFO] Worker reloading: /workspace/suanming-fix/modules/bazi.html modified
[2026-05-26 14:16:25 +0000] [6402] [INFO] Worker reloading: /workspace/suanming-fix/modules/bazi.html modified
[2026-05-26 14:16:25 +0000] [6474] [INFO] Worker reloading: /workspace/suanming-fix/modules/bazi.html modified
[2026-05-26 14:16:25 +0000] [6547] [INFO] Worker reloading: /workspace/suanming-fix/modules/bazi.html modified
[2026-05-26 14:16:25 +0000] [6549] [INFO] Worker reloading: /workspace/suanming-fix/modules/bazi.html modified
[2026-05-26 14:16:25 +0000] [6552] [INFO] Worker reloading: /workspace/suanming-fix/modules/bazi.html modified
[2026-05-26 14:16:25 +0000] [6482] [INFO] Worker reloading: /workspace/suanming-fix/modules/bazi.html modified
[2026-05-26 14:16:25 +0000] [6488] [INFO] Worker reloading: /workspace/suanming-fix/modules/bazi.html modified
[2026-05-26 14:16:25 +0000] [6407] [INFO] Worker reloading: /workspace/suanming-fix/modules/bazi.html modified
[2026-05-26 14:16:25 +0000] [6554] [INFO] Worker reloading: /workspace/suanming-fix/modules/bazi.html modified
[2026-05-26 14:16:25 +0000] [6404] [INFO] Worker reloading: /workspace/suanming-fix/modules/bazi.html modified
[2026-05-26 14:16:25 +0000] [6492] [INFO] Worker reloading: /workspace/suanming-fix/modules/bazi.html modified
[2026-05-26 14:16:25 +0000] [6558] [INFO] Worker reloading: /workspace/suanming-fix/modules/bazi.html modified
[2026-05-26 14:16:25 +0000] [6495] [INFO] Worker reloading: /workspace/suanming-fix/modules/bazi.html modified
[2026-05-26 14:16:25 +0000] [6410] [INFO] Worker reloading: /workspace/suanming-fix/modules/bazi.html modified
[2026-05-26 14:16:25 +0000] [6561] [INFO] Worker reloading: /workspace/suanming-fix/modules/bazi.html modified
[2026-05-26 14:16:25 +0000] [6498] [INFO] Worker reloading: /workspace/suanming-fix/modules/bazi.html modified
[2026-05-26 14:16:25 +0000] [6501] [INFO] Worker reloading: /workspace/suanming-fix/modules/bazi.html modified
[2026-05-26 14:16:25 +0000] [6565] [INFO] Worker exiting (pid: 6565)
[2026-05-26 14:16:25 +0000] [6569] [INFO] Worker exiting (pid: 6569)
[2026-05-26 14:16:25 +0000] [6504] [INFO] Worker exiting (pid: 6504)
[2026-05-26 14:16:25 +0000] [6571] [INFO] Worker exiting (pid: 6571)
[2026-05-26 14:16:25 +0000] [6748] [INFO] Booting worker with pid: 6748
[2026-05-26 14:16:25 +0000] [4828] [INFO] Control socket listening at /root/.gunicorn/gunicorn.ctl
[2026-05-26 14:16:25 +0000] [6748] [WARNING] Reloader is on. Use in development only!
[2026-05-26 14:16:25 +0000] [6414] [INFO] Worker exiting (pid: 6414)
[2026-05-26 14:16:25 +0000] [6508] [INFO] Worker exiting (pid: 6508)
[2026-05-26 14:16:25 +0000] [6377] [INFO] Worker exiting (pid: 6377)
[2026-05-26 14:16:25 +0000] [6751] [INFO] Booting worker with pid: 6751
[2026-05-26 14:16:25 +0000] [4828] [INFO] Control socket listening at /root/.gunicorn/gunicorn.ctl
[2026-05-26 14:16:25 +0000] [6751] [WARNING] Reloader is on. Use in development only!
[2026-05-26 14:16:25 +0000] [6511] [INFO] Worker exiting (pid: 6511)
[2026-05-26 14:16:25 +0000] [6574] [INFO] Worker exiting (pid: 6574)
[2026-05-26 14:16:25 +0000] [6753] [INFO] Booting worker with pid: 6753
[2026-05-26 14:16:25 +0000] [4828] [INFO] Control socket listening at /root/.gunicorn/gunicorn.ctl
[2026-05-26 14:16:25 +0000] [6753] [WARNING] Reloader is on. Use in development only!
[2026-05-26 14:16:25 +0000] [6422] [INFO] Worker exiting (pid: 6422)
[2026-05-26 14:16:25 +0000] [6379] [INFO] Worker exiting (pid: 6379)
[2026-05-26 14:16:25 +0000] [6426] [INFO] Worker exiting (pid: 6426)
[2026-05-26 14:16:25 +0000] [6514] [INFO] Worker exiting (pid: 6514)
[2026-05-26 14:16:25 +0000] [6519] [INFO] Worker exiting (pid: 6519)
[2026-05-26 14:16:25 +0000] [6517] [INFO] Worker exiting (pid: 6517)
[2026-05-26 14:16:25 +0000] [6578] [INFO] Worker exiting (pid: 6578)
[2026-05-26 14:16:25 +0000] [6756] [INFO] Booting worker with pid: 6756
[2026-05-26 14:16:25 +0000] [4828] [INFO] Control socket listening at /root/.gunicorn/gunicorn.ctl
[2026-05-26 14:16:25 +0000] [6756] [WARNING] Reloader is on. Use in development only!
[2026-05-26 14:16:25 +0000] [6417] [INFO] Worker exiting (pid: 6417)
[2026-05-26 14:16:25 +0000] [6382] [INFO] Worker exiting (pid: 6382)
[2026-05-26 14:16:25 +0000] [6430] [INFO] Worker exiting (pid: 6430)
[2026-05-26 14:16:25 +0000] [6522] [INFO] Worker exiting (pid: 6522)
[2026-05-26 14:16:25 +0000] [6581] [INFO] Worker exiting (pid: 6581)
[2026-05-26 14:16:25 +0000] [6525] [INFO] Worker exiting (pid: 6525)
[2026-05-26 14:16:25 +0000] [6758] [INFO] Booting worker with pid: 6758
[2026-05-26 14:16:25 +0000] [4828] [INFO] Control socket listening at /root/.gunicorn/gunicorn.ctl
[2026-05-26 14:16:25 +0000] [6758] [WARNING] Reloader is on. Use in development only!
[2026-05-26 14:16:25 +0000] [6424] [INFO] Worker exiting (pid: 6424)
[2026-05-26 14:16:25 +0000] [6531] [INFO] Worker exiting (pid: 6531)
[2026-05-26 14:16:25 +0000] [6386] [INFO] Worker exiting (pid: 6386)
[2026-05-26 14:16:25 +0000] [6437] [INFO] Worker exiting (pid: 6437)
[2026-05-26 14:16:25 +0000] [6432] [INFO] Worker exiting (pid: 6432)
[2026-05-26 14:16:25 +0000] [6388] [INFO] Worker exiting (pid: 6388)
[2026-05-26 14:16:25 +0000] [6435] [INFO] Worker exiting (pid: 6435)
[2026-05-26 14:16:25 +0000] [6761] [INFO] Booting worker with pid: 6761
[2026-05-26 14:16:25 +0000] [4828] [INFO] Control socket listening at /root/.gunicorn/gunicorn.ctl
[2026-05-26 14:16:25 +0000] [6533] [INFO] Worker exiting (pid: 6533)
[2026-05-26 14:16:25 +0000] [6761] [WARNING] Reloader is on. Use in development only!
[2026-05-26 14:16:25 +0000] [6764] [INFO] Booting worker with pid: 6764
[2026-05-26 14:16:25 +0000] [4828] [INFO] Control socket listening at /root/.gunicorn/gunicorn.ctl
[2026-05-26 14:16:25 +0000] [6764] [WARNING] Reloader is on. Use in development only!
[2026-05-26 14:16:25 +0000] [6535] [INFO] Worker exiting (pid: 6535)
[2026-05-26 14:16:25 +0000] [6443] [INFO] Worker exiting (pid: 6443)
[2026-05-26 14:16:26 +0000] [6391] [INFO] Worker exiting (pid: 6391)
[2026-05-26 14:16:26 +0000] [6445] [INFO] Worker exiting (pid: 6445)
[2026-05-26 14:16:26 +0000] [6452] [INFO] Worker exiting (pid: 6452)
[2026-05-26 14:16:26 +0000] [6393] [INFO] Worker exiting (pid: 6393)
[2026-05-26 14:16:26 +0000] [6447] [INFO] Worker exiting (pid: 6447)
[2026-05-26 14:16:26 +0000] [6441] [INFO] Worker exiting (pid: 6441)
[2026-05-26 14:16:26 +0000] [6450] [INFO] Worker exiting (pid: 6450)
[2026-05-26 14:16:26 +0000] [6419] [INFO] Worker exiting (pid: 6419)
[2026-05-26 14:16:26 +0000] [6767] [INFO] Booting worker with pid: 6767
[2026-05-26 14:16:26 +0000] [4828] [INFO] Control socket listening at /root/.gunicorn/gunicorn.ctl
[2026-05-26 14:16:26 +0000] [6767] [WARNING] Reloader is on. Use in development only!
[2026-05-26 14:16:26 +0000] [6461] [INFO] Worker exiting (pid: 6461)
[2026-05-26 14:16:26 +0000] [6466] [INFO] Worker exiting (pid: 6466)
[2026-05-26 14:16:26 +0000] [6457] [INFO] Worker exiting (pid: 6457)
[2026-05-26 14:16:26 +0000] [6454] [INFO] Worker exiting (pid: 6454)
[2026-05-26 14:16:26 +0000] [6539] [INFO] Worker exiting (pid: 6539)
[2026-05-26 14:16:26 +0000] [6397] [INFO] Worker exiting (pid: 6397)
[2026-05-26 14:16:26 +0000] [6769] [INFO] Booting worker with pid: 6769
[2026-05-26 14:16:26 +0000] [6543] [INFO] Worker exiting (pid: 6543)
[2026-05-26 14:16:26 +0000] [6464] [INFO] Worker exiting (pid: 6464)
[2026-05-26 14:16:26 +0000] [4828] [INFO] Control socket listening at /root/.gunicorn/gunicorn.ctl
[2026-05-26 14:16:26 +0000] [6769] [WARNING] Reloader is on. Use in development only!
[2026-05-26 14:16:26 +0000] [6402] [INFO] Worker exiting (pid: 6402)
[2026-05-26 14:16:26 +0000] [6474] [INFO] Worker exiting (pid: 6474)
[2026-05-26 14:16:26 +0000] [6771] [INFO] Booting worker with pid: 6771
[2026-05-26 14:16:26 +0000] [4828] [INFO] Control socket listening at /root/.gunicorn/gunicorn.ctl
[2026-05-26 14:16:26 +0000] [6482] [INFO] Worker exiting (pid: 6482)
[2026-05-26 14:16:26 +0000] [6547] [INFO] Worker exiting (pid: 6547)
[2026-05-26 14:16:26 +0000] [6771] [WARNING] Reloader is on. Use in development only!
[2026-05-26 14:16:26 +0000] [6552] [INFO] Worker exiting (pid: 6552)
[2026-05-26 14:16:26 +0000] [6488] [INFO] Worker exiting (pid: 6488)
[2026-05-26 14:16:26 +0000] [6549] [INFO] Worker exiting (pid: 6549)
[2026-05-26 14:16:26 +0000] [6407] [INFO] Worker exiting (pid: 6407)
[2026-05-26 14:16:26 +0000] [6554] [INFO] Worker exiting (pid: 6554)
[2026-05-26 14:16:26 +0000] [6492] [INFO] Worker exiting (pid: 6492)
[2026-05-26 14:16:26 +0000] [6404] [INFO] Worker exiting (pid: 6404)
[2026-05-26 14:16:26 +0000] [6774] [INFO] Booting worker with pid: 6774
[2026-05-26 14:16:26 +0000] [4828] [INFO] Control socket listening at /root/.gunicorn/gunicorn.ctl
[2026-05-26 14:16:26 +0000] [6774] [WARNING] Reloader is on. Use in development only!
[2026-05-26 14:16:26 +0000] [6498] [INFO] Worker exiting (pid: 6498)
[2026-05-26 14:16:26 +0000] [6558] [INFO] Worker exiting (pid: 6558)
[2026-05-26 14:16:26 +0000] [6410] [INFO] Worker exiting (pid: 6410)
[2026-05-26 14:16:26 +0000] [6495] [INFO] Worker exiting (pid: 6495)
[2026-05-26 14:16:26 +0000] [6561] [INFO] Worker exiting (pid: 6561)
[2026-05-26 14:16:26 +0000] [4828] [INFO] Control socket listening at /root/.gunicorn/gunicorn.ctl
[2026-05-26 14:16:26 +0000] [6776] [INFO] Booting worker with pid: 6776
[2026-05-26 14:16:26 +0000] [6501] [INFO] Worker exiting (pid: 6501)
[2026-05-26 14:16:26 +0000] [6776] [WARNING] Reloader is on. Use in development only!
[2026-05-26 14:16:26 +0000] [6779] [INFO] Booting worker with pid: 6779
[2026-05-26 14:16:26 +0000] [4828] [INFO] Control socket listening at /root/.gunicorn/gunicorn.ctl
[2026-05-26 14:16:26 +0000] [6779] [WARNING] Reloader is on. Use in development only!
[2026-05-26 14:16:26 +0000] [6781] [INFO] Booting worker with pid: 6781
[2026-05-26 14:16:26 +0000] [4828] [INFO] Control socket listening at /root/.gunicorn/gunicorn.ctl
[2026-05-26 14:16:26 +0000] [6781] [WARNING] Reloader is on. Use in development only!
[2026-05-26 14:16:26 +0000] [6784] [INFO] Booting worker with pid: 6784
[2026-05-26 14:16:26 +0000] [4828] [INFO] Control socket listening at /root/.gunicorn/gunicorn.ctl
[2026-05-26 14:16:27 +0000] [6784] [WARNING] Reloader is on. Use in development only!
[2026-05-26 14:16:27 +0000] [6787] [INFO] Booting worker with pid: 6787
[2026-05-26 14:16:27 +0000] [4828] [INFO] Control socket listening at /root/.gunicorn/gunicorn.ctl
[2026-05-26 14:16:27 +0000] [6787] [WARNING] Reloader is on. Use in development only!
[2026-05-26 14:16:27 +0000] [6789] [INFO] Booting worker with pid: 6789
[2026-05-26 14:16:27 +0000] [4828] [INFO] Control socket listening at /root/.gunicorn/gunicorn.ctl
[2026-05-26 14:16:27 +0000] [6789] [WARNING] Reloader is on. Use in development only!
[2026-05-26 14:16:27 +0000] [6792] [INFO] Booting worker with pid: 6792
[2026-05-26 14:16:27 +0000] [4828] [INFO] Control socket listening at /root/.gunicorn/gunicorn.ctl
[2026-05-26 14:16:27 +0000] [6792] [WARNING] Reloader is on. Use in development only!
[2026-05-26 14:16:27 +0000] [6795] [INFO] Booting worker with pid: 6795
[2026-05-26 14:16:27 +0000] [6795] [WARNING] Reloader is on. Use in development only!
[2026-05-26 14:16:27 +0000] [4828] [INFO] Control socket listening at /root/.gunicorn/gunicorn.ctl
[2026-05-26 14:16:29 +0000] [6818] [INFO] Booting worker with pid: 6818
[2026-05-26 14:16:29 +0000] [4828] [INFO] Control socket listening at /root/.gunicorn/gunicorn.ctl
[2026-05-26 14:16:29 +0000] [6818] [WARNING] Reloader is on. Use in development only!
[2026-05-26 14:16:29 +0000] [6820] [INFO] Booting worker with pid: 6820
[2026-05-26 14:16:29 +0000] [4828] [INFO] Control socket listening at /root/.gunicorn/gunicorn.ctl
[2026-05-26 14:16:29 +0000] [6820] [WARNING] Reloader is on. Use in development only!
[2026-05-26 14:16:29 +0000] [6822] [INFO] Booting worker with pid: 6822
[2026-05-26 14:16:29 +0000] [4828] [INFO] Control socket listening at /root/.gunicorn/gunicorn.ctl
[2026-05-26 14:16:29 +0000] [6822] [WARNING] Reloader is on. Use in development only!
[2026-05-26 14:16:29 +0000] [6825] [INFO] Booting worker with pid: 6825
[2026-05-26 14:16:29 +0000] [4828] [INFO] Control socket listening at /root/.gunicorn/gunicorn.ctl
[2026-05-26 14:16:29 +0000] [6825] [WARNING] Reloader is on. Use in development only!
[2026-05-26 14:16:29 +0000] [6829] [INFO] Booting worker with pid: 6829
[2026-05-26 14:16:29 +0000] [4828] [INFO] Control socket listening at /root/.gunicorn/gunicorn.ctl
[2026-05-26 14:16:29 +0000] [6829] [WARNING] Reloader is on. Use in development only!
[2026-05-26 14:16:29 +0000] [6833] [INFO] Booting worker with pid: 6833
[2026-05-26 14:16:29 +0000] [4828] [INFO] Control socket listening at /root/.gunicorn/gunicorn.ctl
[2026-05-26 14:16:29 +0000] [6833] [WARNING] Reloader is on. Use in development only!
[2026-05-26 14:16:29 +0000] [6836] [INFO] Booting worker with pid: 6836
[2026-05-26 14:16:29 +0000] [4828] [INFO] Control socket listening at /root/.gunicorn/gunicorn.ctl
[2026-05-26 14:16:29 +0000] [6836] [WARNING] Reloader is on. Use in development only!
[2026-05-26 14:16:29 +0000] [6838] [INFO] Booting worker with pid: 6838
[2026-05-26 14:16:29 +0000] [4828] [INFO] Control socket listening at /root/.gunicorn/gunicorn.ctl
[2026-05-26 14:16:29 +0000] [6838] [WARNING] Reloader is on. Use in development only!
[2026-05-26 14:16:29 +0000] [6841] [INFO] Booting worker with pid: 6841
[2026-05-26 14:16:29 +0000] [4828] [INFO] Control socket listening at /root/.gunicorn/gunicorn.ctl
[2026-05-26 14:16:29 +0000] [6841] [WARNING] Reloader is on. Use in development only!
[2026-05-26 14:16:29 +0000] [6846] [INFO] Booting worker with pid: 6846
[2026-05-26 14:16:29 +0000] [4828] [INFO] Control socket listening at /root/.gunicorn/gunicorn.ctl
[2026-05-26 14:16:29 +0000] [6846] [WARNING] Reloader is on. Use in development only!
[2026-05-26 14:16:29 +0000] [6848] [INFO] Booting worker with pid: 6848
[2026-05-26 14:16:30 +0000] [4828] [INFO] Control socket listening at /root/.gunicorn/gunicorn.ctl
[2026-05-26 14:16:30 +0000] [6848] [WARNING] Reloader is on. Use in development only!
[2026-05-26 14:16:30 +0000] [6850] [INFO] Booting worker with pid: 6850
[2026-05-26 14:16:30 +0000] [4828] [INFO] Control socket listening at /root/.gunicorn/gunicorn.ctl
[2026-05-26 14:16:30 +0000] [6850] [WARNING] Reloader is on. Use in development only!
[2026-05-26 14:16:30 +0000] [6853] [INFO] Booting worker with pid: 6853
[2026-05-26 14:16:30 +0000] [4828] [INFO] Control socket listening at /root/.gunicorn/gunicorn.ctl
[2026-05-26 14:16:30 +0000] [6853] [WARNING] Reloader is on. Use in development only!
[2026-05-26 14:16:30 +0000] [4828] [INFO] Control socket listening at /root/.gunicorn/gunicorn.ctl
[2026-05-26 14:16:30 +0000] [6856] [INFO] Booting worker with pid: 6856
[2026-05-26 14:16:30 +0000] [6856] [WARNING] Reloader is on. Use in development only!
[2026-05-26 14:16:30 +0000] [6861] [INFO] Booting worker with pid: 6861
[2026-05-26 14:16:30 +0000] [4828] [INFO] Control socket listening at /root/.gunicorn/gunicorn.ctl
[2026-05-26 14:16:30 +0000] [6861] [WARNING] Reloader is on. Use in development only!
[2026-05-26 14:16:30 +0000] [6865] [INFO] Booting worker with pid: 6865
[2026-05-26 14:16:30 +0000] [4828] [INFO] Control socket listening at /root/.gunicorn/gunicorn.ctl
[2026-05-26 14:16:30 +0000] [6865] [WARNING] Reloader is on. Use in development only!
[2026-05-26 14:16:30 +0000] [6867] [INFO] Booting worker with pid: 6867
[2026-05-26 14:16:30 +0000] [4828] [INFO] Control socket listening at /root/.gunicorn/gunicorn.ctl
[2026-05-26 14:16:30 +0000] [6867] [WARNING] Reloader is on. Use in development only!
[2026-05-26 14:16:30 +0000] [6870] [INFO] Booting worker with pid: 6870
[2026-05-26 14:16:30 +0000] [4828] [INFO] Control socket listening at /root/.gunicorn/gunicorn.ctl
[2026-05-26 14:16:30 +0000] [6870] [WARNING] Reloader is on. Use in development only!
[2026-05-26 14:16:30 +0000] [6873] [INFO] Booting worker with pid: 6873
[2026-05-26 14:16:30 +0000] [4828] [INFO] Control socket listening at /root/.gunicorn/gunicorn.ctl
[2026-05-26 14:16:30 +0000] [6873] [WARNING] Reloader is on. Use in development only!
[2026-05-26 14:16:30 +0000] [6875] [INFO] Booting worker with pid: 6875
[2026-05-26 14:16:30 +0000] [4828] [INFO] Control socket listening at /root/.gunicorn/gunicorn.ctl
[2026-05-26 14:16:30 +0000] [6875] [WARNING] Reloader is on. Use in development only!
[2026-05-26 14:16:30 +0000] [6877] [INFO] Booting worker with pid: 6877
[2026-05-26 14:16:30 +0000] [4828] [INFO] Control socket listening at /root/.gunicorn/gunicorn.ctl
[2026-05-26 14:16:30 +0000] [6877] [WARNING] Reloader is on. Use in development only!
[2026-05-26 14:16:30 +0000] [6880] [INFO] Booting worker with pid: 6880
[2026-05-26 14:16:30 +0000] [4828] [INFO] Control socket listening at /root/.gunicorn/gunicorn.ctl
[2026-05-26 14:16:30 +0000] [6880] [WARNING] Reloader is on. Use in development only!
[2026-05-26 14:16:30 +0000] [6886] [INFO] Booting worker with pid: 6886
[2026-05-26 14:16:30 +0000] [4828] [INFO] Control socket listening at /root/.gunicorn/gunicorn.ctl
[2026-05-26 14:16:30 +0000] [6886] [WARNING] Reloader is on. Use in development only!
[2026-05-26 14:16:30 +0000] [6890] [INFO] Booting worker with pid: 6890
[2026-05-26 14:16:30 +0000] [4828] [INFO] Control socket listening at /root/.gunicorn/gunicorn.ctl
[2026-05-26 14:16:30 +0000] [6890] [WARNING] Reloader is on. Use in development only!
[2026-05-26 14:16:30 +0000] [6893] [INFO] Booting worker with pid: 6893
[2026-05-26 14:16:30 +0000] [4828] [INFO] Control socket listening at /root/.gunicorn/gunicorn.ctl
[2026-05-26 14:16:30 +0000] [6893] [WARNING] Reloader is on. Use in development only!
[2026-05-26 14:16:30 +0000] [6896] [INFO] Booting worker with pid: 6896
[2026-05-26 14:16:30 +0000] [4828] [INFO] Control socket listening at /root/.gunicorn/gunicorn.ctl
[2026-05-26 14:16:30 +0000] [6896] [WARNING] Reloader is on. Use in development only!
[2026-05-26 14:16:30 +0000] [6898] [INFO] Booting worker with pid: 6898
[2026-05-26 14:16:30 +0000] [4828] [INFO] Control socket listening at /root/.gunicorn/gunicorn.ctl
[2026-05-26 14:16:30 +0000] [6898] [WARNING] Reloader is on. Use in development only!
[2026-05-26 14:16:30 +0000] [6903] [INFO] Booting worker with pid: 6903
[2026-05-26 14:16:30 +0000] [4828] [INFO] Control socket listening at /root/.gunicorn/gunicorn.ctl
[2026-05-26 14:16:30 +0000] [6903] [WARNING] Reloader is on. Use in development only!
[2026-05-26 14:16:30 +0000] [6906] [INFO] Booting worker with pid: 6906
[2026-05-26 14:16:30 +0000] [4828] [INFO] Control socket listening at /root/.gunicorn/gunicorn.ctl
[2026-05-26 14:16:30 +0000] [6906] [WARNING] Reloader is on. Use in development only!
[2026-05-26 14:16:31 +0000] [6909] [INFO] Booting worker with pid: 6909
[2026-05-26 14:16:31 +0000] [4828] [INFO] Control socket listening at /root/.gunicorn/gunicorn.ctl
[2026-05-26 14:16:31 +0000] [6909] [WARNING] Reloader is on. Use in development only!
[2026-05-26 14:16:31 +0000] [6911] [INFO] Booting worker with pid: 6911
[2026-05-26 14:16:31 +0000] [4828] [INFO] Control socket listening at /root/.gunicorn/gunicorn.ctl
[2026-05-26 14:16:31 +0000] [6911] [WARNING] Reloader is on. Use in development only!
[2026-05-26 14:16:31 +0000] [6913] [INFO] Booting worker with pid: 6913
[2026-05-26 14:16:31 +0000] [4828] [INFO] Control socket listening at /root/.gunicorn/gunicorn.ctl
[2026-05-26 14:16:31 +0000] [6913] [WARNING] Reloader is on. Use in development only!
[2026-05-26 14:16:31 +0000] [6917] [INFO] Booting worker with pid: 6917
[2026-05-26 14:16:31 +0000] [4828] [INFO] Control socket listening at /root/.gunicorn/gunicorn.ctl
[2026-05-26 14:16:31 +0000] [6917] [WARNING] Reloader is on. Use in development only!
[2026-05-26 14:16:31 +0000] [6922] [INFO] Booting worker with pid: 6922
[2026-05-26 14:16:31 +0000] [4828] [INFO] Control socket listening at /root/.gunicorn/gunicorn.ctl
[2026-05-26 14:16:31 +0000] [6922] [WARNING] Reloader is on. Use in development only!
[2026-05-26 14:16:33 +0000] [6933] [INFO] Booting worker with pid: 6933
[2026-05-26 14:16:33 +0000] [4828] [INFO] Control socket listening at /root/.gunicorn/gunicorn.ctl
[2026-05-26 14:16:33 +0000] [6933] [WARNING] Reloader is on. Use in development only!
[2026-05-26 14:16:33 +0000] [6935] [INFO] Booting worker with pid: 6935
[2026-05-26 14:16:33 +0000] [4828] [INFO] Control socket listening at /root/.gunicorn/gunicorn.ctl
[2026-05-26 14:16:33 +0000] [6935] [WARNING] Reloader is on. Use in development only!
[2026-05-26 14:16:33 +0000] [6938] [INFO] Booting worker with pid: 6938
[2026-05-26 14:16:33 +0000] [4828] [INFO] Control socket listening at /root/.gunicorn/gunicorn.ctl
[2026-05-26 14:16:33 +0000] [6938] [WARNING] Reloader is on. Use in development only!
[2026-05-26 14:16:33 +0000] [6941] [INFO] Booting worker with pid: 6941
[2026-05-26 14:16:33 +0000] [4828] [INFO] Control socket listening at /root/.gunicorn/gunicorn.ctl
[2026-05-26 14:16:33 +0000] [6941] [WARNING] Reloader is on. Use in development only!
[2026-05-26 14:16:33 +0000] [6945] [INFO] Booting worker with pid: 6945
[2026-05-26 14:16:33 +0000] [4828] [INFO] Control socket listening at /root/.gunicorn/gunicorn.ctl
[2026-05-26 14:16:33 +0000] [6945] [WARNING] Reloader is on. Use in development only!
[2026-05-26 14:16:33 +0000] [6948] [INFO] Booting worker with pid: 6948
[2026-05-26 14:16:33 +0000] [4828] [INFO] Control socket listening at /root/.gunicorn/gunicorn.ctl
[2026-05-26 14:16:33 +0000] [6948] [WARNING] Reloader is on. Use in development only!
[2026-05-26 14:16:33 +0000] [6950] [INFO] Booting worker with pid: 6950
[2026-05-26 14:16:33 +0000] [4828] [INFO] Control socket listening at /root/.gunicorn/gunicorn.ctl
[2026-05-26 14:16:33 +0000] [6950] [WARNING] Reloader is on. Use in development only!
[2026-05-26 14:16:33 +0000] [6953] [INFO] Booting worker with pid: 6953
[2026-05-26 14:16:33 +0000] [4828] [INFO] Control socket listening at /root/.gunicorn/gunicorn.ctl
[2026-05-26 14:16:33 +0000] [6953] [WARNING] Reloader is on. Use in development only!
[2026-05-26 14:16:33 +0000] [6957] [INFO] Booting worker with pid: 6957
[2026-05-26 14:16:33 +0000] [4828] [INFO] Control socket listening at /root/.gunicorn/gunicorn.ctl
[2026-05-26 14:16:33 +0000] [6957] [WARNING] Reloader is on. Use in development only!
[2026-05-26 14:16:33 +0000] [6961] [INFO] Booting worker with pid: 6961
[2026-05-26 14:16:33 +0000] [4828] [INFO] Control socket listening at /root/.gunicorn/gunicorn.ctl
[2026-05-26 14:16:33 +0000] [6961] [WARNING] Reloader is on. Use in development only!
[2026-05-26 14:16:33 +0000] [6963] [INFO] Booting worker with pid: 6963
[2026-05-26 14:16:33 +0000] [4828] [INFO] Control socket listening at /root/.gunicorn/gunicorn.ctl
[2026-05-26 14:16:33 +0000] [6963] [WARNING] Reloader is on. Use in development only!
[2026-05-26 14:16:34 +0000] [6966] [INFO] Booting worker with pid: 6966
[2026-05-26 14:16:34 +0000] [4828] [INFO] Control socket listening at /root/.gunicorn/gunicorn.ctl
[2026-05-26 14:16:34 +0000] [6966] [WARNING] Reloader is on. Use in development only!
[2026-05-26 14:18:49 +0000] [6938] [INFO] Worker reloading: /workspace/suanming-fix/api/app.py modified
[2026-05-26 14:18:49 +0000] [6870] [INFO] Worker reloading: /workspace/suanming-fix/api/app.py modified
[2026-05-26 14:18:49 +0000] [6875] [INFO] Worker reloading: /workspace/suanming-fix/api/app.py modified
[2026-05-26 14:18:49 +0000] [6873] [INFO] Worker reloading: /workspace/suanming-fix/api/app.py modified
[2026-05-26 14:18:49 +0000] [6877] [INFO] Worker reloading: /workspace/suanming-fix/api/app.py modified
[2026-05-26 14:18:49 +0000] [6820] [INFO] Worker reloading: /workspace/suanming-fix/api/app.py modified
[2026-05-26 14:18:49 +0000] [6880] [INFO] Worker reloading: /workspace/suanming-fix/api/app.py modified
[2026-05-26 14:18:49 +0000] [6941] [INFO] Worker reloading: /workspace/suanming-fix/api/app.py modified
[2026-05-26 14:18:49 +0000] [6886] [INFO] Worker reloading: /workspace/suanming-fix/api/app.py modified
[2026-05-26 14:18:49 +0000] [6822] [INFO] Worker reloading: /workspace/suanming-fix/api/app.py modified
[2026-05-26 14:18:49 +0000] [6825] [INFO] Worker reloading: /workspace/suanming-fix/api/app.py modified
