[2026-05-27 12:28:04 +0000] [54839] [INFO] Starting gunicorn 26.0.0
[2026-05-27 12:28:04 +0000] [54839] [INFO] Listening at: http://0.0.0.0:5000 (54839)
[2026-05-27 12:28:04 +0000] [54839] [INFO] Using worker: sync
[2026-05-27 12:28:04 +0000] [54880] [INFO] Booting worker with pid: 54880
[2026-05-27 12:28:04 +0000] [54881] [INFO] Booting worker with pid: 54881
[2026-05-27 12:28:04 +0000] [54882] [INFO] Booting worker with pid: 54882
[2026-05-27 12:28:04 +0000] [54883] [INFO] Booting worker with pid: 54883
[2026-05-27 12:28:04 +0000] [54839] [INFO] Control socket listening at /root/.gunicorn/gunicorn.ctl
[2026-05-27 12:29:10 +0000] [54839] [INFO] Handling signal: term
[2026-05-27 12:29:10 +0000] [54882] [INFO] Worker exiting (pid: 54882)
[2026-05-27 12:29:10 +0000] [54881] [INFO] Worker exiting (pid: 54881)
[2026-05-27 12:29:10 +0000] [54880] [INFO] Worker exiting (pid: 54880)
[2026-05-27 12:29:10 +0000] [54883] [INFO] Worker exiting (pid: 54883)
短信验证码扩展加载失败: No module named 'api'
算命API蓝图加载失败: No module named 'api'
短信验证码扩展加载失败: No module named 'api'
算命API蓝图加载失败: No module named 'api'
短信验证码扩展加载失败: No module named 'api'
算命API蓝图加载失败: No module named 'api'
短信验证码扩展加载失败: No module named 'api'
算命API蓝图加载失败: No module named 'api'
[2026-05-27 12:29:10 +0000] [54839] [INFO] Shutting down: Master
